../Core/Src/main.c:119:6:HAL_TIM_PeriodElapsedCallback	8
../Core/Src/main.c:157:5:main	9
../Core/Src/main.c:252:6:SystemClock_Config	4
../Core/Src/main.c:307:13:MX_ADC1_Init	3
../Core/Src/main.c:354:13:MX_CAN1_Init	2
../Core/Src/main.c:391:13:MX_I2C1_Init	2
../Core/Src/main.c:425:13:MX_TIM2_Init	4
../Core/Src/main.c:470:13:MX_TIM3_Init	4
../Core/Src/main.c:515:13:MX_TIM6_Init	3
../Core/Src/main.c:553:13:MX_USART1_UART_Init	2
../Core/Src/main.c:584:13:MX_DMA_Init	1
../Core/Src/main.c:602:13:MX_GPIO_Init	1
../Core/Src/main.c:660:6:Error_Handler	1
