../Core/Src/main.c:101:6:HAL_TIM_PeriodElapsedCallback	12
../Core/Src/main.c:137:5:main	6
../Core/Src/main.c:224:6:SystemClock_Config	4
../Core/Src/main.c:279:13:MX_ADC1_Init	3
../Core/Src/main.c:326:13:MX_CAN1_Init	2
../Core/Src/main.c:363:13:MX_I2C1_Init	2
../Core/Src/main.c:397:13:MX_TIM2_Init	4
../Core/Src/main.c:442:13:MX_TIM3_Init	4
../Core/Src/main.c:487:13:MX_TIM6_Init	3
../Core/Src/main.c:525:13:MX_USART1_UART_Init	2
../Core/Src/main.c:556:13:MX_DMA_Init	1
../Core/Src/main.c:574:13:MX_GPIO_Init	1
../Core/Src/main.c:632:6:Error_Handler	1
