../Core/Src/main.c:112:6:HAL_TIM_PeriodElapsedCallback	16	static
../Core/Src/main.c:148:5:main	8	static
../Core/Src/main.c:228:6:SystemClock_Config	120	static
../Core/Src/main.c:283:13:MX_ADC1_Init	24	static
../Core/Src/main.c:330:13:MX_CAN1_Init	8	static
../Core/Src/main.c:367:13:MX_I2C1_Init	8	static
../Core/Src/main.c:401:13:MX_TIM2_Init	32	static
../Core/Src/main.c:446:13:MX_TIM3_Init	32	static
../Core/Src/main.c:491:13:MX_TIM6_Init	16	static
../Core/Src/main.c:529:13:MX_USART1_UART_Init	8	static
../Core/Src/main.c:560:13:MX_DMA_Init	16	static
../Core/Src/main.c:578:13:MX_GPIO_Init	40	static
../Core/Src/main.c:636:6:Error_Handler	4	static,ignoring_inline_asm
