../Core/Src/main.c:119:6:HAL_TIM_PeriodElapsedCallback	16	static
../Core/Src/main.c:157:5:main	8	static
../Core/Src/main.c:261:6:SystemClock_Config	120	static
../Core/Src/main.c:316:13:MX_ADC1_Init	24	static
../Core/Src/main.c:363:13:MX_CAN1_Init	8	static
../Core/Src/main.c:400:13:MX_I2C1_Init	8	static
../Core/Src/main.c:434:13:MX_TIM2_Init	32	static
../Core/Src/main.c:479:13:MX_TIM3_Init	32	static
../Core/Src/main.c:524:13:MX_TIM6_Init	16	static
../Core/Src/main.c:562:13:MX_USART1_UART_Init	8	static
../Core/Src/main.c:593:13:MX_DMA_Init	16	static
../Core/Src/main.c:611:13:MX_GPIO_Init	40	static
../Core/Src/main.c:669:6:Error_Handler	4	static,ignoring_inline_asm
